[2025-12-14 10:08:15] [SampleModel::saveSample] Duplicate entry 'TEMP-1765703295' for key 'sample_code'
[2025-12-14 10:20:44] [SampleModel::saveSample] Duplicate entry '' for key 'idx_unique_payment_ref'
[2025-12-14 10:20:44] [SampleModel::saveSample] Duplicate entry '' for key 'idx_unique_payment_ref'
[2025-12-14 10:20:56] [SampleModel::saveSample] Duplicate entry '' for key 'idx_unique_payment_ref'
[2025-12-14 10:20:56] [SampleModel::saveSample] Duplicate entry '' for key 'idx_unique_payment_ref'
[2025-12-14 10:49:02] [SampleModel::saveSample] Duplicate entry 'TEMP-1765705742' for key 'sample_code'
[2025-12-14 14:11:21] [SampleModel::saveSample] Duplicate entry '' for key 'idx_unique_payment_ref'
[2025-12-14 14:11:21] [SampleModel::saveSample] Duplicate entry '' for key 'idx_unique_payment_ref'
[2025-12-14 14:45:05] [SampleModel::saveSample] Duplicate entry '' for key 'idx_unique_payment_ref'
[2025-12-18 05:47:27] [ComboSuccess] ✓ COMBOS APPLIED: 1 combos (Food – Coliforms + Food – E. coli + Food – Faecal coliforms) | Individual: Rs. 6250 | Combo: Rs. 3875 | Savings: Rs. 2375 (38%)
[2025-12-18 05:47:27] [TotalValidation] Total mismatch - Frontend: Rs. 6250, Backend: Rs. 3875, Diff: Rs. 2375, Combos: 1
[2025-12-20 21:16:39] [ComboSuccess] ✓ COMBOS APPLIED: 1 combos (Food – Coliforms + Food – E. coli + Food – Faecal coliforms) | Individual: Rs. 4875 | Combo: Rs. 2500 | Savings: Rs. 2375 (48.7%)
[2025-12-20 21:16:39] [TotalValidation] Total mismatch - Frontend: Rs. 4875, Backend: Rs. 2500, Diff: Rs. 2375, Combos: 1
[2025-12-23 05:25:12] [ComboSuccess] ✓ COMBOS APPLIED: 1 combos (Water and Ice – Coliforms + Water and Ice – E. coli + Water and Ice – Faecal coliforms) | Individual: Rs. 7500 | Combo: Rs. 5125 | Savings: Rs. 2375 (31.7%)
[2025-12-23 05:25:12] [TotalValidation] Total mismatch - Frontend: Rs. 7500, Backend: Rs. 5125, Diff: Rs. 2375, Combos: 1
[2026-01-11 08:52:07] [ComboSuccess] ✓ COMBOS APPLIED: 1 combos (Water and Ice – Coliforms + Water and Ice – E. coli + Water and Ice – Faecal coliforms) | Individual: Rs. 6250 | Combo: Rs. 3875 | Savings: Rs. 2375 (38%)
[2026-01-11 08:52:07] [TotalValidation] Total mismatch - Frontend: Rs. 6250, Backend: Rs. 3875, Diff: Rs. 2375, Combos: 1
[2026-01-11 14:06:21] [SampleModel::getCombos] Table 'lab.parameter_combos' doesn't exist
[2026-01-11 14:10:53] [SampleModel::getCombos] Table 'lab.parameter_combos' doesn't exist
[2026-01-11 14:24:27] [SampleModel::getCombos] Table 'lab.parameter_combos' doesn't exist
[2026-01-11 14:33:13] [ComboSuccess] ✓ COMBOS APPLIED: 1 combos (Food – Coliforms + Food – E. coli + Food – Faecal coliforms) | Individual: Rs. 6250 | Combo: Rs. 3875 | Savings: Rs. 2375 (38%)
[2026-01-11 14:33:13] [TotalValidation] Total mismatch - Frontend: Rs. 6250, Backend: Rs. 3875, Diff: Rs. 2375, Combos: 1
[2026-01-12 06:09:28] [ComboSuccess] ✓ COMBOS APPLIED: 1 combos (Water and Ice – Coliforms + Water and Ice – E. coli + Water and Ice – Faecal coliforms) | Individual: Rs. 6250 | Combo: Rs. 3875 | Savings: Rs. 2375 (38%)
[2026-01-12 06:09:28] [TotalValidation] Total mismatch - Frontend: Rs. 6250, Backend: Rs. 3875, Diff: Rs. 2375, Combos: 1
[2026-01-12 09:03:42] [ComboSuccess] ✓ COMBOS APPLIED: 2 combos (Water and Ice – Coliforms + Water and Ice – E. coli + Water and Ice – Faecal coliforms, Food – Coliforms + Food – E. coli + Food – Faecal coliforms) | Individual: Rs. 10000 | Combo: Rs. 5250 | Savings: Rs. 4750 (47.5%)
[2026-01-12 09:03:42] [TotalValidation] Total mismatch - Frontend: Rs. 10000, Backend: Rs. 5250, Diff: Rs. 4750, Combos: 2
[2026-01-14 06:58:58] [ComboSuccess] ✓ COMBOS APPLIED: 1 combos (Food – Coliforms + Food – E. coli + Food – Faecal coliforms) | Individual: Rs. 6250 | Combo: Rs. 3875 | Savings: Rs. 2375 (38%)
[2026-01-14 06:58:58] [TotalValidation] Total mismatch - Frontend: Rs. 6250, Backend: Rs. 3875, Diff: Rs. 2375, Combos: 1
[2026-01-15 16:06:40] [ComboSuccess] ✓ COMBOS APPLIED: 1 combos (Water and Ice – Coliforms + Water and Ice – E. coli + Water and Ice – Faecal coliforms) | Individual: Rs. 6250 | Combo: Rs. 3875 | Savings: Rs. 2375 (38%)
[2026-01-15 16:06:40] [TotalValidation] Total mismatch - Frontend: Rs. 6250, Backend: Rs. 3875, Diff: Rs. 2375, Combos: 1
[2026-01-15 16:19:52] [ComboSuccess] ✓ COMBOS APPLIED: 1 combos (Water and Ice – Coliforms + Water and Ice – E. coli + Water and Ice – Faecal coliforms) | Individual: Rs. 6250 | Combo: Rs. 3875 | Savings: Rs. 2375 (38%)
[2026-01-15 16:19:52] [TotalValidation] Total mismatch - Frontend: Rs. 6250, Backend: Rs. 3875, Diff: Rs. 2375, Combos: 1
[2026-01-15 16:22:45] [ComboSuccess] ✓ COMBOS APPLIED: 1 combos (Water and Ice – Coliforms + Water and Ice – E. coli + Water and Ice – Faecal coliforms) | Individual: Rs. 6250 | Combo: Rs. 3875 | Savings: Rs. 2375 (38%)
[2026-01-15 16:22:45] [TotalValidation] Total mismatch - Frontend: Rs. 6250, Backend: Rs. 3875, Diff: Rs. 2375, Combos: 1
[2026-01-16 09:29:25] [ComboSuccess] ✓ COMBOS APPLIED: 1 combos (Water and Ice – Coliforms + Water and Ice – E. coli + Water and Ice – Faecal coliforms) | Individual: Rs. 5000 | Combo: Rs. 2625 | Savings: Rs. 2375 (47.5%)
[2026-01-16 09:29:25] [TotalValidation] Total mismatch - Frontend: Rs. 5000, Backend: Rs. 2625, Diff: Rs. 2375, Combos: 1
[2026-02-03 05:39:20] [SAFModel::generateSampleCode] Invalid sequence in form_number: 26/0004/01 (expected 4 digits)
[2026-02-03 05:41:39] [ComboSuccess] ✓ COMBOS APPLIED: 1 combos (Food – Coliforms + Food – E. coli + Food – Faecal coliforms) | Individual: Rs. 8750 | Combo: Rs. 6375 | Savings: Rs. 2375 (27.1%)
[2026-02-03 05:41:39] [TotalValidation] Total mismatch - Frontend: Rs. 8750, Backend: Rs. 6375, Diff: Rs. 2375, Combos: 1
[2026-02-03 05:59:49] [ComboSuccess] ✓ COMBOS APPLIED: 1 combos (Water and Ice – Coliforms + Water and Ice – E. coli + Water and Ice – Faecal coliforms) | Individual: Rs. 7500 | Combo: Rs. 5125 | Savings: Rs. 2375 (31.7%)
[2026-02-03 05:59:49] [TotalValidation] Total mismatch - Frontend: Rs. 7500, Backend: Rs. 5125, Diff: Rs. 2375, Combos: 1
[2026-02-05 06:42:17] [ComboSuccess] ✓ COMBOS APPLIED: 1 combos (Water and Ice – Coliforms + Water and Ice – E. coli + Water and Ice – Faecal coliforms) | Individual: Rs. 6250 | Combo: Rs. 3875 | Savings: Rs. 2375 (38%)
[2026-02-05 06:42:17] [TotalValidation] Total mismatch - Frontend: Rs. 6250, Backend: Rs. 3875, Diff: Rs. 2375, Combos: 1
[2026-02-05 06:42:23] [SAFModel::generateSampleCode] Invalid sequence in form_number: 26/008/001 (expected 4 digits)
[2026-02-23 18:13:09] [ComboSuccess] ✓ COMBOS APPLIED: 2 combos (Food – Coliforms + Food – E. coli + Food – Faecal coliforms, Water and Ice – Coliforms + Water and Ice – E. coli + Water and Ice – Faecal coliforms) | Individual: Rs. 13750 | Combo: Rs. 9000 | Savings: Rs. 4750 (34.5%)
[2026-02-23 18:13:09] [TotalValidation] Total mismatch - Frontend: Rs. 13750, Backend: Rs. 9000, Diff: Rs. 4750, Combos: 2
[2026-02-23 18:13:20] [SAFModel::generateSampleCode] Invalid sequence in form_number: 26/008/001 (expected 4 digits)
[2026-03-01 07:49:34] [SAFModel::generateSampleCode] Invalid sequence in form_number: 26/008/001 (expected 4 digits)
[2026-03-01 19:09:07] [SAFModel::generateSampleCode] Invalid sequence in form_number: 26/008/001 (expected 4 digits)
[2026-03-01 19:12:09] [SAFModel::generateSampleCode] Invalid sequence in form_number: 26/007/002 (expected 4 digits)
[2026-03-01 19:12:09] [SAFModel::generateSampleCode] Invalid sequence in form_number: 26/007/002 (expected 4 digits)
[2026-03-01 19:15:15] [SAFModel::generateSampleCode] Invalid sequence in form_number: 26/007/002 (expected 4 digits)
[2026-03-01 19:15:15] [SAFModel::generateSampleCode] Invalid sequence in form_number: 26/007/002 (expected 4 digits)
[2026-03-01 19:46:52] [SAFModel::generateSampleCode] Invalid sequence in form_number: 26/008/001 (expected 4 digits)
[2026-03-01 19:47:06] [SAFModel::generateSampleCode] Invalid sequence in form_number: 26/007/002 (expected 4 digits)
[2026-03-01 19:47:06] [SAFModel::generateSampleCode] Invalid sequence in form_number: 26/007/002 (expected 4 digits)
[2026-03-01 19:47:12] [SAFModel::generateSampleCode] Invalid sequence in form_number: 26/005/02 (expected 4 digits)
[2026-03-01 19:47:12] [SAFModel::generateSampleCode] Invalid sequence in form_number: 26/005/02 (expected 4 digits)
[2026-03-01 19:47:18] [SAFModel::generateSampleCode] Invalid sequence in form_number: 26/008/001 (expected 4 digits)
[2026-03-01 19:47:27] [SAFModel::generateSampleCode] Invalid sequence in form_number: 26/008/001 (expected 4 digits)
[2026-03-02 08:02:48] [SAFModel::generateSampleCode] Invalid sequence in form_number: 26/009/001 (expected 4 digits)
[2026-03-02 08:15:20] [SAFModel::generateSampleCode] Invalid sequence in form_number: 26/009/001 (expected 4 digits)
[2026-03-02 09:49:01] [SAFModel::generateSampleCode] Invalid sequence in form_number: 26/006/001 (expected 4 digits)
[2026-03-02 09:49:12] [SAFModel::generateSampleCode] Invalid sequence in form_number: 26/009/001 (expected 4 digits)
[2026-03-02 20:00:11] [SAFModel::generateSampleCode] Invalid sequence in form_number: 26/007/002 (expected 4 digits)
[2026-03-02 20:00:11] [SAFModel::generateSampleCode] Invalid sequence in form_number: 26/007/002 (expected 4 digits)
[2026-03-02 21:15:19] [SAFModel::generateSampleCode] Invalid sequence in form_number: 26/007/002 (expected 4 digits)
[2026-03-02 21:15:19] [SAFModel::generateSampleCode] Invalid sequence in form_number: 26/007/002 (expected 4 digits)
[2026-03-02 21:16:01] [SAFModel::generateSampleCode] Invalid sequence in form_number: 26/008/001 (expected 4 digits)
[2026-03-02 21:22:02] [SAFModel::generateSampleCode] Invalid sequence in form_number: 26/009/001 (expected 4 digits)
[2026-03-02 21:25:37] [SAFModel::generateSampleCode] Invalid sequence in form_number: 26/006/001 (expected 4 digits)
[2026-03-02 21:41:09] [SAFModel::generateSampleCode] Invalid sequence in form_number: 26/010/001 (expected 4 digits)
[2026-03-03 07:53:24] [SAFModel::generateSampleCode] Invalid sequence in form_number: 26/011/001 (expected 4 digits)
[2026-03-03 13:47:58] [SAFModel::generateSampleCode] Invalid sequence in form_number: 26/009/001 (expected 4 digits)
[2026-03-06 09:11:13] [SAFModel::generateSampleCode] Invalid sequence in form_number: 26/012/001 (expected 4 digits)
[2026-03-06 09:11:34] [SAFModel::generateSampleCode] Invalid sequence in form_number: 26/012/001 (expected 4 digits)
[2026-03-06 09:11:42] [SAFModel::generateSampleCode] Invalid sequence in form_number: 26/011/001 (expected 4 digits)
[2026-03-06 09:11:49] [SAFModel::generateSampleCode] Invalid sequence in form_number: 26/010/001 (expected 4 digits)
[2026-03-07 08:52:17] [SAFModel::generateSampleCode] Invalid sequence in form_number: 26/007/002 (expected 4 digits)
[2026-03-07 08:52:17] [SAFModel::generateSampleCode] Invalid sequence in form_number: 26/007/002 (expected 4 digits)
[2026-03-07 08:52:42] [SAFModel::generateSampleCode] Invalid sequence in form_number: 26/007/002 (expected 4 digits)
[2026-03-07 08:52:42] [SAFModel::generateSampleCode] Invalid sequence in form_number: 26/007/002 (expected 4 digits)
[2026-03-07 08:53:06] [SAFModel::generateSampleCode] Invalid sequence in form_number: 26/012/001 (expected 4 digits)
[2026-03-07 08:53:43] [SAFModel::generateSampleCode] Invalid sequence in form_number: 26/007/002 (expected 4 digits)
[2026-03-07 08:53:43] [SAFModel::generateSampleCode] Invalid sequence in form_number: 26/007/002 (expected 4 digits)
[2026-03-07 08:54:16] [SAFModel::generateSampleCode] Invalid sequence in form_number: 26/007/002 (expected 4 digits)
[2026-03-07 08:54:16] [SAFModel::generateSampleCode] Invalid sequence in form_number: 26/007/002 (expected 4 digits)
[2026-03-07 10:15:09] [SAFModel::generateSampleCode] Invalid sequence in form_number: 26/012/001 (expected 4 digits)
[2026-03-07 10:15:41] [SAFModel::generateSampleCode] Invalid sequence in form_number: 26/012/001 (expected 4 digits)
[2026-03-07 11:42:10] [ComboSuccess] ✓ COMBOS APPLIED: 4 combos (Coliforms + Faecal Coliforms, Coliforms + Escherichia coli + Faecal Coliforms, Coliforms + Escherichia coli + Faecal Coliforms, Coliforms + Escherichia coli + Faecal Coliforms) | Individual: Rs. 38500 | Combo: Rs. 30250 | Savings: Rs. 8250 (21.4%)
[2026-03-07 11:42:10] [TotalValidation] Total mismatch - Frontend: Rs. 38500, Backend: Rs. 30250, Diff: Rs. 8250, Combos: 4
[2026-03-07 21:12:23] [ComboSuccess] ✓ COMBOS APPLIED: 1 combos (Coliforms + Escherichia coli + Faecal Coliforms) | Individual: Rs. 6250 | Combo: Rs. 3875 | Savings: Rs. 2375 (38%)
[2026-03-07 21:12:23] [TotalValidation] Total mismatch - Frontend: Rs. 6250, Backend: Rs. 3875, Diff: Rs. 2375, Combos: 1
[2026-03-07 21:23:59] [ComboSuccess] ✓ COMBOS APPLIED: 1 combos (Coliforms + Escherichia coli + Faecal Coliforms) | Individual: Rs. 7500 | Combo: Rs. 5125 | Savings: Rs. 2375 (31.7%)
[2026-03-07 21:23:59] [TotalValidation] Total mismatch - Frontend: Rs. 7500, Backend: Rs. 5125, Diff: Rs. 2375, Combos: 1
[2026-03-08 06:39:29] [SAFModel::generateSampleCode] Invalid sequence in form_number: 26/015/002 (expected 4 digits)
[2026-03-08 06:39:29] [SAFModel::generateSampleCode] Invalid sequence in form_number: 26/015/002 (expected 4 digits)
[2026-03-08 07:44:16] [SAFModel::generateSampleCode] Invalid sequence in form_number: 26/014/001 (expected 4 digits)
[2026-03-08 08:03:45] [SAFModel::generateSampleCode] Invalid sequence in form_number: 26/015/002 (expected 4 digits)
[2026-03-08 08:03:45] [SAFModel::generateSampleCode] Invalid sequence in form_number: 26/015/002 (expected 4 digits)
[2026-03-08 08:56:19] [SAFModel::generateSampleCode] Invalid sequence in form_number: 26/013/007 (expected 4 digits)
[2026-03-08 08:56:19] [SAFModel::generateSampleCode] Invalid sequence in form_number: 26/013/007 (expected 4 digits)
[2026-03-08 08:56:19] [SAFModel::generateSampleCode] Invalid sequence in form_number: 26/013/007 (expected 4 digits)
[2026-03-08 08:56:19] [SAFModel::generateSampleCode] Invalid sequence in form_number: 26/013/007 (expected 4 digits)
[2026-03-08 08:56:19] [SAFModel::generateSampleCode] Invalid sequence in form_number: 26/013/007 (expected 4 digits)
[2026-03-08 08:56:19] [SAFModel::generateSampleCode] Invalid sequence in form_number: 26/013/007 (expected 4 digits)
[2026-03-08 08:56:19] [SAFModel::generateSampleCode] Invalid sequence in form_number: 26/013/007 (expected 4 digits)
[2026-03-08 09:41:59] [SAFModel::generateSampleCode] Invalid sequence in form_number: 26/013/007 (expected 4 digits)
[2026-03-08 09:41:59] [SAFModel::generateSampleCode] Invalid sequence in form_number: 26/013/007 (expected 4 digits)
[2026-03-08 09:41:59] [SAFModel::generateSampleCode] Invalid sequence in form_number: 26/013/007 (expected 4 digits)
[2026-03-08 09:41:59] [SAFModel::generateSampleCode] Invalid sequence in form_number: 26/013/007 (expected 4 digits)
[2026-03-08 09:41:59] [SAFModel::generateSampleCode] Invalid sequence in form_number: 26/013/007 (expected 4 digits)
[2026-03-08 09:41:59] [SAFModel::generateSampleCode] Invalid sequence in form_number: 26/013/007 (expected 4 digits)
[2026-03-08 09:41:59] [SAFModel::generateSampleCode] Invalid sequence in form_number: 26/013/007 (expected 4 digits)
[2026-03-08 10:02:14] [SAFModel::generateSampleCode] Invalid sequence in form_number: 26/013/007 (expected 4 digits)
[2026-03-08 10:02:14] [SAFModel::generateSampleCode] Invalid sequence in form_number: 26/013/007 (expected 4 digits)
[2026-03-08 10:02:14] [SAFModel::generateSampleCode] Invalid sequence in form_number: 26/013/007 (expected 4 digits)
[2026-03-08 10:02:14] [SAFModel::generateSampleCode] Invalid sequence in form_number: 26/013/007 (expected 4 digits)
[2026-03-08 10:02:14] [SAFModel::generateSampleCode] Invalid sequence in form_number: 26/013/007 (expected 4 digits)
[2026-03-08 10:02:14] [SAFModel::generateSampleCode] Invalid sequence in form_number: 26/013/007 (expected 4 digits)
[2026-03-08 10:02:14] [SAFModel::generateSampleCode] Invalid sequence in form_number: 26/013/007 (expected 4 digits)
[2026-03-08 13:36:17] [SAFModel::generateSampleCode] Invalid sequence in form_number: 26/016/001 (expected 4 digits)
