[2025-12-14 09:37:51] === NEW REQUEST ===
[09:37:51] Step 1: Loading files
[09:37:51] ✓ Database.php loaded
[09:37:51] ✓ functions.php loaded
[09:37:51] ✓ sample-model.php loaded
[09:37:51] ✓ Session started
[09:37:51] ✓ User authenticated: 1
[09:37:51] ✓ Model created
[09:37:51] Action: searchClients
[09:37:51] EXCEPTION: This ultra-debug version only handles saveSample. Got: searchClients
File: C:\Users\KNJ\OneDrive\Desktop\project\src\Controllers\sample-controller-debug.php Line: 78

[2025-12-14 09:37:54] === NEW REQUEST ===
[09:37:54] Step 1: Loading files
[09:37:54] ✓ Database.php loaded
[09:37:54] ✓ functions.php loaded
[09:37:54] ✓ sample-model.php loaded
[09:37:54] ✓ Session started
[09:37:54] ✓ User authenticated: 1
[09:37:54] ✓ Model created
[09:37:54] Action: searchClients
[09:37:54] EXCEPTION: This ultra-debug version only handles saveSample. Got: searchClients
File: C:\Users\KNJ\OneDrive\Desktop\project\src\Controllers\sample-controller-debug.php Line: 78

[2025-12-14 09:38:01] === NEW REQUEST ===
[09:38:01] Step 1: Loading files
[09:38:01] ✓ Database.php loaded
[09:38:01] ✓ functions.php loaded
[09:38:01] ✓ sample-model.php loaded
[09:38:01] ✓ Session started
[09:38:01] ✓ User authenticated: 1
[09:38:01] ✓ Model created
[09:38:01] Action: searchClients
[09:38:01] EXCEPTION: This ultra-debug version only handles saveSample. Got: searchClients
File: C:\Users\KNJ\OneDrive\Desktop\project\src\Controllers\sample-controller-debug.php Line: 78

